{
    "-profile test_blastn": {
        "content": [
            69,
            {
                "BLAST_BLASTN": {
                    "blast": "2.15.0+"
                },
                "BLAST_MAKEBLASTDB": {
                    "blast": "2.15.0+"
                },
                "FASTQC": {
                    "fastqc": "0.12.1"
                },
                "FILTER": {
                    "seqkit": "2.8.2"
                },
                "FILTER_BLASTN_IDENTCOV": {
                    "python": "3.10.4"
                },
                "ISOLATE_KRAKEN2_IDS": {
                    "python": "3.10.4"
                },
                "KRAKEN2PREPARATION": {
                    "tar": 1.3
                },
                "KRAKEN2_KRAKEN2": {
                    "kraken2": "2.1.3",
                    "pigz": 2.8
                },
                "MERGE_IDS": {
                    "gawk": "5.3.0"
                },
                "PARSE_KRAKEN2REPORT": {
                    "python": "3.12.2"
                },
                "PREPARE_FASTA4BLASTN": {
                    "seqkit": "2.8.2"
                },
                "RENAME_FASTQ_HEADERS_AFTER": {
                    "seqkit": "2.8.2"
                },
                "SUMMARIZER": {
                    "python": "3.11.0",
                    "pandas": "1.5.2",
                    "numpy": "1.24.2"
                },
                "SUMMARY_BLASTN": {
                    "python": "3.11.0",
                    "pandas": "1.5.2"
                },
                "SUMMARY_CLASSIFICATION": {
                    "python": "3.11.0",
                    "pandas": "1.5.2"
                },
                "Workflow": {
                    "nf-core/detaxizer": "v1.2.0dev"
                }
            },
            [
                "downstream_samplesheets",
                "downstream_samplesheets/mag-pe.csv",
                "downstream_samplesheets/mag-se.csv",
                "downstream_samplesheets/taxprofiler.csv",
                "filter",
                "filter/filtered",
                "filter/filtered/test_paired-end_R1_filtered.fastq.gz",
                "filter/filtered/test_paired-end_R2_filtered.fastq.gz",
                "filter/filtered/test_paired-end_plus_long-reads_R1_filtered.fastq.gz",
                "filter/filtered/test_paired-end_plus_long-reads_R2_filtered.fastq.gz",
                "filter/filtered/test_paired-end_plus_long-reads_longReads_filtered.fastq.gz",
                "filter/filtered/test_single-end_long_longReads_filtered.fastq.gz",
                "filter/filtered/test_single-end_short_filtered.fastq.gz",
                "multiqc",
                "multiqc/multiqc_data",
                "multiqc/multiqc_data/BETA-multiqc.parquet",
                "multiqc/multiqc_data/fastqc-status-check-heatmap.txt",
                "multiqc/multiqc_data/fastqc_overrepresented_sequences_plot.txt",
                "multiqc/multiqc_data/fastqc_per_base_n_content_plot.txt",
                "multiqc/multiqc_data/fastqc_per_base_sequence_quality_plot.txt",
                "multiqc/multiqc_data/fastqc_per_sequence_gc_content_plot_Counts.txt",
                "multiqc/multiqc_data/fastqc_per_sequence_gc_content_plot_Percentages.txt",
                "multiqc/multiqc_data/fastqc_per_sequence_quality_scores_plot.txt",
                "multiqc/multiqc_data/fastqc_sequence_counts_plot.txt",
                "multiqc/multiqc_data/fastqc_sequence_duplication_levels_plot.txt",
                "multiqc/multiqc_data/fastqc_sequence_length_distribution_plot.txt",
                "multiqc/multiqc_data/fastqc_top_overrepresented_sequences_table.txt",
                "multiqc/multiqc_data/multiqc.log",
                "multiqc/multiqc_data/multiqc_citations.txt",
                "multiqc/multiqc_data/multiqc_data.json",
                "multiqc/multiqc_data/multiqc_fastqc.txt",
                "multiqc/multiqc_data/multiqc_general_stats.txt",
                "multiqc/multiqc_data/multiqc_software_versions.txt",
                "multiqc/multiqc_data/multiqc_sources.txt",
                "multiqc/multiqc_plots",
                "multiqc/multiqc_plots/pdf",
                "multiqc/multiqc_plots/pdf/fastqc-status-check-heatmap.pdf",
                "multiqc/multiqc_plots/pdf/fastqc_overrepresented_sequences_plot.pdf",
                "multiqc/multiqc_plots/pdf/fastqc_per_base_n_content_plot.pdf",
                "multiqc/multiqc_plots/pdf/fastqc_per_base_sequence_quality_plot.pdf",
                "multiqc/multiqc_plots/pdf/fastqc_per_sequence_gc_content_plot_Counts.pdf",
                "multiqc/multiqc_plots/pdf/fastqc_per_sequence_gc_content_plot_Percentages.pdf",
                "multiqc/multiqc_plots/pdf/fastqc_per_sequence_quality_scores_plot.pdf",
                "multiqc/multiqc_plots/pdf/fastqc_sequence_counts_plot-cnt.pdf",
                "multiqc/multiqc_plots/pdf/fastqc_sequence_counts_plot-pct.pdf",
                "multiqc/multiqc_plots/pdf/fastqc_sequence_duplication_levels_plot.pdf",
                "multiqc/multiqc_plots/pdf/fastqc_sequence_length_distribution_plot.pdf",
                "multiqc/multiqc_plots/pdf/fastqc_top_overrepresented_sequences_table.pdf",
                "multiqc/multiqc_plots/png",
                "multiqc/multiqc_plots/png/fastqc-status-check-heatmap.png",
                "multiqc/multiqc_plots/png/fastqc_overrepresented_sequences_plot.png",
                "multiqc/multiqc_plots/png/fastqc_per_base_n_content_plot.png",
                "multiqc/multiqc_plots/png/fastqc_per_base_sequence_quality_plot.png",
                "multiqc/multiqc_plots/png/fastqc_per_sequence_gc_content_plot_Counts.png",
                "multiqc/multiqc_plots/png/fastqc_per_sequence_gc_content_plot_Percentages.png",
                "multiqc/multiqc_plots/png/fastqc_per_sequence_quality_scores_plot.png",
                "multiqc/multiqc_plots/png/fastqc_sequence_counts_plot-cnt.png",
                "multiqc/multiqc_plots/png/fastqc_sequence_counts_plot-pct.png",
                "multiqc/multiqc_plots/png/fastqc_sequence_duplication_levels_plot.png",
                "multiqc/multiqc_plots/png/fastqc_sequence_length_distribution_plot.png",
                "multiqc/multiqc_plots/png/fastqc_top_overrepresented_sequences_table.png",
                "multiqc/multiqc_plots/svg",
                "multiqc/multiqc_plots/svg/fastqc-status-check-heatmap.svg",
                "multiqc/multiqc_plots/svg/fastqc_overrepresented_sequences_plot.svg",
                "multiqc/multiqc_plots/svg/fastqc_per_base_n_content_plot.svg",
                "multiqc/multiqc_plots/svg/fastqc_per_base_sequence_quality_plot.svg",
                "multiqc/multiqc_plots/svg/fastqc_per_sequence_gc_content_plot_Counts.svg",
                "multiqc/multiqc_plots/svg/fastqc_per_sequence_gc_content_plot_Percentages.svg",
                "multiqc/multiqc_plots/svg/fastqc_per_sequence_quality_scores_plot.svg",
                "multiqc/multiqc_plots/svg/fastqc_sequence_counts_plot-cnt.svg",
                "multiqc/multiqc_plots/svg/fastqc_sequence_counts_plot-pct.svg",
                "multiqc/multiqc_plots/svg/fastqc_sequence_duplication_levels_plot.svg",
                "multiqc/multiqc_plots/svg/fastqc_sequence_length_distribution_plot.svg",
                "multiqc/multiqc_plots/svg/fastqc_top_overrepresented_sequences_table.svg",
                "multiqc/multiqc_report.html",
                "pipeline_info",
                "pipeline_info/nf_core_detaxizer_software_mqc_versions.yml",
                "summary",
                "summary/summary.tsv"
            ],
            [
                "test_paired-end_plus_long-reads_longReads_filtered.fastq.gz:md5,16a9a7e589f7756e862a91b4d9398363",
                "test_single-end_long_longReads_filtered.fastq.gz:md5,16a9a7e589f7756e862a91b4d9398363",
                "test_single-end_short_filtered.fastq.gz:md5,12d5e128bc9b87363241fd28018bf662",
                "fastqc-status-check-heatmap.txt:md5,97736debfcf4943f197bdf7dc53f6266",
                "fastqc_overrepresented_sequences_plot.txt:md5,eda71b2e6c9fd4e13bb4fe561ef45339",
                "fastqc_per_base_n_content_plot.txt:md5,8c1895e38cb44ba6c562600b6c599b58",
                "fastqc_per_base_sequence_quality_plot.txt:md5,1340b4185d727e6b52d1c589c1054f4f",
                "fastqc_per_sequence_gc_content_plot_Counts.txt:md5,2e04e2cf9b422224bbe04d0cebb3a3b4",
                "fastqc_per_sequence_gc_content_plot_Percentages.txt:md5,3119077200e839967fa7fec5d7683ff0",
                "fastqc_per_sequence_quality_scores_plot.txt:md5,a6b51a9422eb771300031ef38890ceaa",
                "fastqc_sequence_counts_plot.txt:md5,94993868fc7f5bf77166565318296820",
                "fastqc_sequence_duplication_levels_plot.txt:md5,8526613e0e8d89d25c1c0a4c462a4f2b",
                "fastqc_sequence_length_distribution_plot.txt:md5,6fa1d187e3f51cc9ca43428af0c80193",
                "multiqc_citations.txt:md5,4c806e63a283ec1b7e78cdae3a923d4f",
                "multiqc_fastqc.txt:md5,d3d743ade0aaa9293c8a1810f6a4143f",
                "multiqc_general_stats.txt:md5,8aaf67bc592c577b323d83215b693c14"
            ]
        ],
        "meta": {
            "nf-test": "0.9.2",
            "nextflow": "25.04.2"
        },
        "timestamp": "2025-06-11T15:20:05.591142098"
    }
}